Archive member included to satisfy reference by file (symbol)

/Applications/STM32CubeIDE.app/Contents/Eclipse/plugins/com.st.stm32cube.ide.mcu.externaltools.gnu-tools-for-stm32.13.3.rel1.macos64_1.0.100.202509120712/tools/bin/../lib/gcc/arm-none-eabi/13.3.1/../../../../arm-none-eabi/lib/thumb/v7e-m+fp/hard/libc_nano.a(libc_a-exit.o)
                              /Applications/STM32CubeIDE.app/Contents/Eclipse/plugins/com.st.stm32cube.ide.mcu.externaltools.gnu-tools-for-stm32.13.3.rel1.macos64_1.0.100.202509120712/tools/bin/../lib/gcc/arm-none-eabi/13.3.1/../../../../arm-none-eabi/lib/thumb/v7e-m+fp/hard/crt0.o (exit)
/Applications/STM32CubeIDE.app/Contents/Eclipse/plugins/com.st.stm32cube.ide.mcu.externaltools.gnu-tools-for-stm32.13.3.rel1.macos64_1.0.100.202509120712/tools/bin/../lib/gcc/arm-none-eabi/13.3.1/../../../../arm-none-eabi/lib/thumb/v7e-m+fp/hard/libc_nano.a(libc_a-findfp.o)
                              /Applications/STM32CubeIDE.app/Contents/Eclipse/plugins/com.st.stm32cube.ide.mcu.externaltools.gnu-tools-for-stm32.13.3.rel1.macos64_1.0.100.202509120712/tools/bin/../lib/gcc/arm-none-eabi/13.3.1/../../../../arm-none-eabi/lib/thumb/v7e-m+fp/hard/libc_nano.a(libc_a-exit.o) (__stdio_exit_handler)
/Applications/STM32CubeIDE.app/Contents/Eclipse/plugins/com.st.stm32cube.ide.mcu.externaltools.gnu-tools-for-stm32.13.3.rel1.macos64_1.0.100.202509120712/tools/bin/../lib/gcc/arm-none-eabi/13.3.1/../../../../arm-none-eabi/lib/thumb/v7e-m+fp/hard/libc_nano.a(libc_a-fwalk.o)
                              /Applications/STM32CubeIDE.app/Contents/Eclipse/plugins/com.st.stm32cube.ide.mcu.externaltools.gnu-tools-for-stm32.13.3.rel1.macos64_1.0.100.202509120712/tools/bin/../lib/gcc/arm-none-eabi/13.3.1/../../../../arm-none-eabi/lib/thumb/v7e-m+fp/hard/libc_nano.a(libc_a-findfp.o) (_fwalk_sglue)
/Applications/STM32CubeIDE.app/Contents/Eclipse/plugins/com.st.stm32cube.ide.mcu.externaltools.gnu-tools-for-stm32.13.3.rel1.macos64_1.0.100.202509120712/tools/bin/../lib/gcc/arm-none-eabi/13.3.1/../../../../arm-none-eabi/lib/thumb/v7e-m+fp/hard/libc_nano.a(libc_a-memset.o)
                              /Applications/STM32CubeIDE.app/Contents/Eclipse/plugins/com.st.stm32cube.ide.mcu.externaltools.gnu-tools-for-stm32.13.3.rel1.macos64_1.0.100.202509120712/tools/bin/../lib/gcc/arm-none-eabi/13.3.1/../../../../arm-none-eabi/lib/thumb/v7e-m+fp/hard/crt0.o (memset)
/Applications/STM32CubeIDE.app/Contents/Eclipse/plugins/com.st.stm32cube.ide.mcu.externaltools.gnu-tools-for-stm32.13.3.rel1.macos64_1.0.100.202509120712/tools/bin/../lib/gcc/arm-none-eabi/13.3.1/../../../../arm-none-eabi/lib/thumb/v7e-m+fp/hard/libc_nano.a(libc_a-errno.o)
                              ./Src/syscalls.o (__errno)
/Applications/STM32CubeIDE.app/Contents/Eclipse/plugins/com.st.stm32cube.ide.mcu.externaltools.gnu-tools-for-stm32.13.3.rel1.macos64_1.0.100.202509120712/tools/bin/../lib/gcc/arm-none-eabi/13.3.1/../../../../arm-none-eabi/lib/thumb/v7e-m+fp/hard/libc_nano.a(libc_a-init.o)
                              /Applications/STM32CubeIDE.app/Contents/Eclipse/plugins/com.st.stm32cube.ide.mcu.externaltools.gnu-tools-for-stm32.13.3.rel1.macos64_1.0.100.202509120712/tools/bin/../lib/gcc/arm-none-eabi/13.3.1/../../../../arm-none-eabi/lib/thumb/v7e-m+fp/hard/crt0.o (__libc_init_array)
/Applications/STM32CubeIDE.app/Contents/Eclipse/plugins/com.st.stm32cube.ide.mcu.externaltools.gnu-tools-for-stm32.13.3.rel1.macos64_1.0.100.202509120712/tools/bin/../lib/gcc/arm-none-eabi/13.3.1/../../../../arm-none-eabi/lib/thumb/v7e-m+fp/hard/libc_nano.a(libc_a-lock.o)
                              /Applications/STM32CubeIDE.app/Contents/Eclipse/plugins/com.st.stm32cube.ide.mcu.externaltools.gnu-tools-for-stm32.13.3.rel1.macos64_1.0.100.202509120712/tools/bin/../lib/gcc/arm-none-eabi/13.3.1/../../../../arm-none-eabi/lib/thumb/v7e-m+fp/hard/libc_nano.a(libc_a-findfp.o) (__retarget_lock_init_recursive)
/Applications/STM32CubeIDE.app/Contents/Eclipse/plugins/com.st.stm32cube.ide.mcu.externaltools.gnu-tools-for-stm32.13.3.rel1.macos64_1.0.100.202509120712/tools/bin/../lib/gcc/arm-none-eabi/13.3.1/../../../../arm-none-eabi/lib/thumb/v7e-m+fp/hard/libc_nano.a(libc_a-impure.o)
                              /Applications/STM32CubeIDE.app/Contents/Eclipse/plugins/com.st.stm32cube.ide.mcu.externaltools.gnu-tools-for-stm32.13.3.rel1.macos64_1.0.100.202509120712/tools/bin/../lib/gcc/arm-none-eabi/13.3.1/../../../../arm-none-eabi/lib/thumb/v7e-m+fp/hard/libc_nano.a(libc_a-errno.o) (_impure_ptr)
/Applications/STM32CubeIDE.app/Contents/Eclipse/plugins/com.st.stm32cube.ide.mcu.externaltools.gnu-tools-for-stm32.13.3.rel1.macos64_1.0.100.202509120712/tools/bin/../lib/gcc/arm-none-eabi/13.3.1/../../../../arm-none-eabi/lib/thumb/v7e-m+fp/hard/libc_nano.a(libc_a-mallocr.o)
[...]
Memory Configuration

Name             Origin             Length             Attributes
CCMRAM           0x10000000         0x00001000         xrw
RAM              0x20000000         0x00003000         xrw
FLASH            0x08000000         0x00010000         xr
*default*        0x00000000         0xffffffff

Linker script and memory map

LOAD /Applications/STM32CubeIDE.app/Contents/Eclipse/plugins/com.st.stm32cube.ide.mcu.externaltools.gnu-tools-for-stm32.13.3.rel1.macos64_1.0.100.202509120712/tools/bin/../lib/gcc/arm-none-eabi/13.3.1/thumb/v7e-m+fp/hard/crti.o
LOAD /Applications/STM32CubeIDE.app/Contents/Eclipse/plugins/com.st.stm32cube.ide.mcu.externaltools.gnu-tools-for-stm32.13.3.rel1.macos64_1.0.100.202509120712/tools/bin/../lib/gcc/arm-none-eabi/13.3.1/thumb/v7e-m+fp/hard/crtbegin.o
LOAD /Applications/STM32CubeIDE.app/Contents/Eclipse/plugins/com.st.stm32cube.ide.mcu.externaltools.gnu-tools-for-stm32.13.3.rel1.macos64_1.0.100.202509120712/tools/bin/../lib/gcc/arm-none-eabi/13.3.1/../../../../arm-none-eabi/lib/thumb/v7e-m+fp/hard/crt0.o
LOAD ./Src/005button_interrupt.o
LOAD ./Src/syscalls.o
LOAD ./Src/sysmem.o
LOAD ./Startup/startup_stm32f334r8tx.o
LOAD ./drivers/Src/stm32f334xx_gpio_driver.o
START GROUP
LOAD /Applications/STM32CubeIDE.app/Contents/Eclipse/plugins/com.st.stm32cube.ide.mcu.externaltools.gnu-tools-for-stm32.13.3.rel1.macos64_1.0.100.202509120712/tools/bin/../lib/gcc/arm-none-eabi/13.3.1/../../../../arm-none-eabi/lib/thumb/v7e-m+fp/hard/libc_nano.a
LOAD /Applications/STM32CubeIDE.app/Contents/Eclipse/plugins/com.st.stm32cube.ide.mcu.externaltools.gnu-tools-for-stm32.13.3.rel1.macos64_1.0.100.202509120712/tools/bin/../lib/gcc/arm-none-eabi/13.3.1/../../../../arm-none-eabi/lib/thumb/v7e-m+fp/hard/libm.a
END GROUP
START GROUP
LOAD /Applications/STM32CubeIDE.app/Contents/Eclipse/plugins/com.st.stm32cube.ide.mcu.externaltools.gnu-tools-for-stm32.13.3.rel1.macos64_1.0.100.202509120712/tools/bin/../lib/gcc/arm-none-eabi/13.3.1/thumb/v7e-m+fp/hard/libgcc.a
LOAD /Applications/STM32CubeIDE.app/Contents/Eclipse/plugins/com.st.stm32cube.ide.mcu.externaltools.gnu-tools-for-stm32.13.3.rel1.macos64_1.0.100.202509120712/tools/bin/../lib/gcc/arm-none-eabi/13.3.1/../../../../arm-none-eabi/lib/thumb/v7e-m+fp/hard/libc_nano.a
END GROUP
START GROUP
LOAD /Applications/STM32CubeIDE.app/Contents/Eclipse/plugins/com.st.stm32cube.ide.mcu.externaltools.gnu-tools-for-stm32.13.3.rel1.macos64_1.0.100.202509120712/tools/bin/../lib/gcc/arm-none-eabi/13.3.1/thumb/v7e-m+fp/hard/libgcc.a
LOAD /Applications/STM32CubeIDE.app/Contents/Eclipse/plugins/com.st.stm32cube.ide.mcu.externaltools.gnu-tools-for-stm32.13.3.rel1.macos64_1.0.100.202509120712/tools/bin/../lib/gcc/arm-none-eabi/13.3.1/../../../../arm-none-eabi/lib/thumb/v7e-m+fp/hard/libc_nano.a
LOAD /Applications/STM32CubeIDE.app/Contents/Eclipse/plugins/com.st.stm32cube.ide.mcu.externaltools.gnu-tools-for-stm32.13.3.rel1.macos64_1.0.100.202509120712/tools/bin/../lib/gcc/arm-none-eabi/13.3.1/../../../../arm-none-eabi/lib/thumb/v7e-m+fp/hard/libnosys.a
END GROUP
START GROUP
LOAD /Applications/STM32CubeIDE.app/Contents/Eclipse/plugins/com.st.stm32cube.ide.mcu.externaltools.gnu-tools-for-stm32.13.3.rel1.macos64_1.0.100.202509120712/tools/bin/../lib/gcc/arm-none-eabi/13.3.1/thumb/v7e-m+fp/hard/libgcc.a
LOAD /Applications/STM32CubeIDE.app/Contents/Eclipse/plugins/com.st.stm32cube.ide.mcu.externaltools.gnu-tools-for-stm32.13.3.rel1.macos64_1.0.100.202509120712/tools/bin/../lib/gcc/arm-none-eabi/13.3.1/../../../../arm-none-eabi/lib/thumb/v7e-m+fp/hard/libc_nano.a
LOAD /Applications/STM32CubeIDE.app/Contents/Eclipse/plugins/com.st.stm32cube.ide.mcu.externaltools.gnu-tools-for-stm32.13.3.rel1.macos64_1.0.100.202509120712/tools/bin/../lib/gcc/arm-none-eabi/13.3.1/../../../../arm-none-eabi/lib/thumb/v7e-m+fp/hard/libnosys.a
END GROUP
LOAD /Applications/STM32CubeIDE.app/Contents/Eclipse/plugins/com.st.stm32cube.ide.mcu.externaltools.gnu-tools-for-stm32.13.3.rel1.macos64_1.0.100.202509120712/tools/bin/../lib/gcc/arm-none-eabi/13.3.1/thumb/v7e-m+fp/hard/crtend.o
LOAD /Applications/STM32CubeIDE.app/Contents/Eclipse/plugins/com.st.stm32cube.ide.mcu.externaltools.gnu-tools-for-stm32.13.3.rel1.macos64_1.0.100.202509120712/tools/bin/../lib/gcc/arm-none-eabi/13.3.1/thumb/v7e-m+fp/hard/crtn.o
                0x20003000                        _estack = (ORIGIN (RAM) + LENGTH (RAM))
                0x00000200                        _Min_Heap_Size = 0x200
                0x00000400                        _Min_Stack_Size = 0x400

.isr_vector     0x08000000      0x1f8
                0x08000000                        . = ALIGN (0x4)
 *(.isr_vector)
 .isr_vector    0x08000000      0x1f8 ./Startup/startup_stm32f334r8tx.o
                0x08000000                g_pfnVectors
                0x080001f8                        . = ALIGN (0x4)

.text           0x080001f8      0x760
                0x080001f8                        . = ALIGN (0x4)
 *(.text)
 .text          0x080001f8       0x40 /Applications/STM32CubeIDE.app/Contents/Eclipse/plugins/com.st.stm32cube.ide.mcu.externaltools.gnu-tools-for-stm32.13.3.rel1.macos64_1.0.100.202509120712/tools/bin/../lib/gcc/arm-none-eabi/13.3.1/thumb/v7e-m+fp/hard/crtbegin.o
 *(.text*)
 .text.main     0x08000238       0x7c ./Src/005button_interrupt.o
                0x08000238                main
 .text.EXTI1_IRQHandler
                0x080002b4       0x18 ./Src/005button_interrupt.o
                0x080002b4                EXTI1_IRQHandler
 .text.Reset_Handler
                0x080002cc       0x50 ./Startup/startup_stm32f334r8tx.o
                0x080002cc                Reset_Handler
 .text.Default_Handler
                0x0800031c        0x2 ./Startup/startup_stm32f334r8tx.o
                0x0800031c                TIM1_BRK_TIM15_IRQHandler
                0x0800031c                DMA1_CH4_IRQHandler
                0x0800031c                TIM1_CC_IRQHandler
                0x0800031c                HRTIM1_MST_IRQHandler
                0x0800031c                HardFault_Handler
                0x0800031c                HRTIM1_FLT_IRQHandler
                0x0800031c                SysTick_Handler
                0x0800031c                PVD_IRQHandler
                0x0800031c                HRTIM1_TIMD_IRQHandler
                0x0800031c                TAMP_STAMP_IRQHandler
                0x0800031c                PendSV_Handler
                0x0800031c                NMI_Handler
                0x0800031c                EXTI3_IRQHandler
                0x0800031c                USB_HP_CAN_TX_IRQHandler
                0x0800031c                EXTI0_IRQHandler
                0x0800031c                TIM1_UP_TIM16_IRQHandler
                0x0800031c                UsageFault_Handler
                0x0800031c                ADC1_2_IRQHandler
                0x0800031c                SPI1_IRQHandler
                0x0800031c                CAN_SCE_IRQHandler
                0x0800031c                DMA1_CH7_IRQHandler
                0x0800031c                HRTIM1_TIMC_IRQHandler
                0x0800031c                DMA1_CH6_IRQHandler
                0x0800031c                TIM7_DAC2_IRQHandler
                0x0800031c                CAN_RX1_IRQHandler
                0x0800031c                USART1_EXTI25_IRQHandler
                0x0800031c                I2C1_EV_EXTI23_IRQHandler
                0x0800031c                DMA1_CH3_IRQHandler
                0x0800031c                RCC_IRQHandler
                0x0800031c                Default_Handler
                0x0800031c                HRTIM_TIMB_IRQHandler
                0x0800031c                EXTI15_10_IRQHandler
                0x0800031c                TIM3_IRQ_IRQHandler
                0x0800031c                USART2_EXTI26_IRQHandler
                0x0800031c                HRTIM_TIME_IRQHandler
                0x0800031c                HRTIM1_TIMA_IRQHandler
                0x0800031c                USART3_EXTI28_IRQHandler
                0x0800031c                TIM6_DAC1_IRQHandler
                0x0800031c                EXTI9_5_IRQHandler
                0x0800031c                DMA1_CH2_IRQHandler
                0x0800031c                RTC_WKUP_IRQHandler
                0x0800031c                DMA1_CH1_IRQHandler
                0x0800031c                USB_LP_CAN_RX0_IRQHandler
                0x0800031c                MemManage_Handler
                0x0800031c                SVC_Handler
                0x0800031c                EXTI4_IRQHandler
                0x0800031c                TIM1_TRG_COM_TIM17_IRQHandler
                0x0800031c                WWDG_IRQHandler
                0x0800031c                TIM2_IRQHandler
                0x0800031c                RTCAlarm_IRQHandler
                0x0800031c                FLASH_IRQHandler
                0x0800031c                BusFault_Handler
                0x0800031c                I2C1_ER_IRQHandler
                0x0800031c                DMA1_CH5_IRQHandler
                0x0800031c                EXTI2_TSC_IRQHandler
                0x0800031c                DebugMon_Handler
 *fill*         0x0800031e        0x2 
 .text.GPIO_PeriClockControl
                0x08000320       0xdc ./drivers/Src/stm32f334xx_gpio_driver.o
                0x08000320                GPIO_PeriClockControl
 .text.GPIO_Init
                0x080003fc      0x320 ./drivers/Src/stm32f334xx_gpio_driver.o
                0x080003fc                GPIO_Init
 .text.GPIO_ToggleOutputPin
                0x0800071c       0x2a ./drivers/Src/stm32f334xx_gpio_driver.o
                0x0800071c                GPIO_ToggleOutputPin
 *fill*         0x08000746        0x2 
 .text.GPIO_IRQInterruptConfig
                0x08000748      0x10c ./drivers/Src/stm32f334xx_gpio_driver.o
                0x08000748                GPIO_IRQInterruptConfig
 .text.GPIO_IRQPriorityConfig
                0x08000854       0x54 ./drivers/Src/stm32f334xx_gpio_driver.o
                0x08000854                GPIO_IRQPriorityConfig
 .text.GPIO_IRQHandling
                0x080008a8       0x40 ./drivers/Src/stm32f334xx_gpio_driver.o
                0x080008a8                GPIO_IRQHandling
 .text.memset   0x080008e8       0x10 /Applications/STM32CubeIDE.app/Contents/Eclipse/plugins/com.st.stm32cube.ide.mcu.externaltools.gnu-tools-for-stm32.13.3.rel1.macos64_1.0.100.202509120712/tools/bin/../lib/gcc/arm-none-eabi/13.3.1/../../../../arm-none-eabi/lib/thumb/v7e-m+fp/hard/libc_nano.a(libc_a-memset.o)
                0x080008e8                memset
 .text.__libc_init_array
                0x080008f8       0x48 /Applications/STM32CubeIDE.app/Contents/Eclipse/plugins/com.st.stm32cube.ide.mcu.externaltools.gnu-tools-for-stm32.13.3.rel1.macos64_1.0.100.202509120712/tools/bin/../lib/gcc/arm-none-eabi/13.3.1/../../../../arm-none-eabi/lib/thumb/v7e-m+fp/hard/libc_nano.a(libc_a-init.o)
                0x080008f8                __libc_init_array
 *(.glue_7)
 .glue_7        0x08000940        0x0 linker stubs
 *(.glue_7t)
 .glue_7t       0x08000940        0x0 linker stubs
 *(.eh_frame)
 .eh_frame      0x08000940        0x0 /Applications/STM32CubeIDE.app/Contents/Eclipse/plugins/com.st.stm32cube.ide.mcu.externaltools.gnu-tools-for-stm32.13.3.rel1.macos64_1.0.100.202509120712/tools/bin/../lib/gcc/arm-none-eabi/13.3.1/thumb/v7e-m+fp/hard/crtbegin.o
 *(.init)
 .init          0x08000940        0x4 /Applications/STM32CubeIDE.app/Contents/Eclipse/plugins/com.st.stm32cube.ide.mcu.externaltools.gnu-tools-for-stm32.13.3.rel1.macos64_1.0.100.202509120712/tools/bin/../lib/gcc/arm-none-eabi/13.3.1/thumb/v7e-m+fp/hard/crti.o
                0x08000940                _init
 .init          0x08000944        0x8 /Applications/STM32CubeIDE.app/Contents/Eclipse/plugins/com.st.stm32cube.ide.mcu.externaltools.gnu-tools-for-stm32.13.3.rel1.macos64_1.0.100.202509120712/tools/bin/../lib/gcc/arm-none-eabi/13.3.1/thumb/v7e-m+fp/hard/crtn.o
 *(.fini)
 .fini          0x0800094c        0x4 /Applications/STM32CubeIDE.app/Contents/Eclipse/plugins/com.st.stm32cube.ide.mcu.externaltools.gnu-tools-for-stm32.13.3.rel1.macos64_1.0.100.202509120712/tools/bin/../lib/gcc/arm-none-eabi/13.3.1/thumb/v7e-m+fp/hard/crti.o
                0x0800094c                _fini
 .fini          0x08000950        0x8 /Applications/STM32CubeIDE.app/Contents/Eclipse/plugins/com.st.stm32cube.ide.mcu.externaltools.gnu-tools-for-stm32.13.3.rel1.macos64_1.0.100.202509120712/tools/bin/../lib/gcc/arm-none-eabi/13.3.1/thumb/v7e-m+fp/hard/crtn.o
                0x08000958                        . = ALIGN (0x4)
                0x08000958                        _etext = .

.vfp11_veneer   0x08000958        0x0
 .vfp11_veneer  0x08000958        0x0 linker stubs

.v4_bx          0x08000958        0x0
 .v4_bx         0x08000958        0x0 linker stubs

.iplt           0x08000958        0x0
 .iplt          0x08000958        0x0 /Applications/STM32CubeIDE.app/Contents/Eclipse/plugins/com.st.stm32cube.ide.mcu.externaltools.gnu-tools-for-stm32.13.3.rel1.macos64_1.0.100.202509120712/tools/bin/../lib/gcc/arm-none-eabi/13.3.1/thumb/v7e-m+fp/hard/crtbegin.o

.rodata         0x08000958        0x0
                0x08000958                        . = ALIGN (0x4)
 *(.rodata)
 *(.rodata*)
                0x08000958                        . = ALIGN (0x4)

.ARM.extab      0x08000958        0x0
                0x08000958                        . = ALIGN (0x4)
 *(.ARM.extab* .gnu.linkonce.armextab.*)
                0x08000958                        . = ALIGN (0x4)

.ARM            0x08000958        0x0
                0x08000958                        . = ALIGN (0x4)
                0x08000958                        __exidx_start = .
 *(.ARM.exidx*)
                0x08000958                        __exidx_end = .
                0x08000958                        . = ALIGN (0x4)

.preinit_array  0x08000958        0x0
                0x08000958                        . = ALIGN (0x4)
                0x08000958                        PROVIDE (__preinit_array_start = .)
 *(.preinit_array*)
                0x08000958                        PROVIDE (__preinit_array_end = .)
                0x08000958                        . = ALIGN (0x4)

.init_array     0x08000958        0x4
                0x08000958                        . = ALIGN (0x4)
                0x08000958                        PROVIDE (__init_array_start = .)
 *(SORT_BY_NAME(.init_array.*))
 *(.init_array*)
 .init_array    0x08000958        0x4 /Applications/STM32CubeIDE.app/Contents/Eclipse/plugins/com.st.stm32cube.ide.mcu.externaltools.gnu-tools-for-stm32.13.3.rel1.macos64_1.0.100.202509120712/tools/bin/../lib/gcc/arm-none-eabi/13.3.1/thumb/v7e-m+fp/hard/crtbegin.o
                0x0800095c                        PROVIDE (__init_array_end = .)
                0x0800095c                        . = ALIGN (0x4)

.fini_array     0x0800095c        0x4
                0x0800095c                        . = ALIGN (0x4)
                [!provide]                        PROVIDE (__fini_array_start = .)
 *(SORT_BY_NAME(.fini_array.*))
 *(.fini_array*)
 .fini_array    0x0800095c        0x4 /Applications/STM32CubeIDE.app/Contents/Eclipse/plugins/com.st.stm32cube.ide.mcu.externaltools.gnu-tools-for-stm32.13.3.rel1.macos64_1.0.100.202509120712/tools/bin/../lib/gcc/arm-none-eabi/13.3.1/thumb/v7e-m+fp/hard/crtbegin.o
                [!provide]                        PROVIDE (__fini_array_end = .)
                0x08000960                        . = ALIGN (0x4)
                0x08000960                        _sidata = LOADADDR (.data)

.rel.dyn        0x08000960        0x0
 .rel.iplt      0x08000960        0x0 /Applications/STM32CubeIDE.app/Contents/Eclipse/plugins/com.st.stm32cube.ide.mcu.externaltools.gnu-tools-for-stm32.13.3.rel1.macos64_1.0.100.202509120712/tools/bin/../lib/gcc/arm-none-eabi/13.3.1/thumb/v7e-m+fp/hard/crtbegin.o

.data           0x20000000        0x0 load address 0x08000960
                0x20000000                        . = ALIGN (0x4)
                0x20000000                        _sdata = .
 *(.data)
 *(.data*)
 *(.RamFunc)
 *(.RamFunc*)
                0x20000000                        . = ALIGN (0x4)
                0x20000000                        _edata = .
                0x08000960                        _siccmram = LOADADDR (.ccmram)

.igot.plt       0x20000000        0x0 load address 0x08000960
 .igot.plt      0x20000000        0x0 /Applications/STM32CubeIDE.app/Contents/Eclipse/plugins/com.st.stm32cube.ide.mcu.externaltools.gnu-tools-for-stm32.13.3.rel1.macos64_1.0.100.202509120712/tools/bin/../lib/gcc/arm-none-eabi/13.3.1/thumb/v7e-m+fp/hard/crtbegin.o

.ccmram         0x10000000        0x0 load address 0x08000960
                0x10000000                        . = ALIGN (0x4)
                0x10000000                        _sccmram = .
 *(.ccmram)
 *(.ccmram*)
                0x10000000                        . = ALIGN (0x4)
                0x10000000                        _eccmram = .
                0x10000000                        . = ALIGN (0x4)

.bss            0x20000000       0x1c
                0x20000000                        _sbss = .
                0x20000000                        __bss_start__ = _sbss
 *(.bss)
 .bss           0x20000000       0x1c /Applications/STM32CubeIDE.app/Contents/Eclipse/plugins/com.st.stm32cube.ide.mcu.externaltools.gnu-tools-for-stm32.13.3.rel1.macos64_1.0.100.202509120712/tools/bin/../lib/gcc/arm-none-eabi/13.3.1/thumb/v7e-m+fp/hard/crtbegin.o
 *(.bss*)
 *(COMMON)
                0x2000001c                        . = ALIGN (0x4)
                0x2000001c                        _ebss = .
                0x2000001c                        __bss_end__ = _ebss

._user_heap_stack
                0x2000001c      0x604
                0x20000020                        . = ALIGN (0x8)
 *fill*         0x2000001c        0x4 
                [!provide]                        PROVIDE (end = .)
                0x20000020                        PROVIDE (_end = .)
                0x20000220                        . = (. + _Min_Heap_Size)
 *fill*         0x20000020      0x200 
                0x20000620                        . = (. + _Min_Stack_Size)
 *fill*         0x20000220      0x400 
                0x20000620                        . = ALIGN (0x8)

/DISCARD/
 libc.a(*)
 libm.a(*)
 libgcc.a(*)

.ARM.attributes
                0x00000000       0x30
 *(.ARM.attributes)
 .ARM.attributes
                0x00000000       0x22 /Applications/STM32CubeIDE.app/Contents/Eclipse/plugins/com.st.stm32cube.ide.mcu.externaltools.gnu-tools-for-stm32.13.3.rel1.macos64_1.0.100.202509120712/tools/bin/../lib/gcc/arm-none-eabi/13.3.1/thumb/v7e-m+fp/hard/crti.o
 .ARM.attributes
                0x00000022       0x34 /Applications/STM32CubeIDE.app/Contents/Eclipse/plugins/com.st.stm32cube.ide.mcu.externaltools.gnu-tools-for-stm32.13.3.rel1.macos64_1.0.100.202509120712/tools/bin/../lib/gcc/arm-none-eabi/13.3.1/thumb/v7e-m+fp/hard/crtbegin.o
 .ARM.attributes
                0x00000056       0x34 ./Src/005button_interrupt.o
 .ARM.attributes
                0x0000008a       0x21 ./Startup/startup_stm32f334r8tx.o
 .ARM.attributes
                0x000000ab       0x34 ./drivers/Src/stm32f334xx_gpio_driver.o
 .ARM.attributes
                0x000000df       0x34 /Applications/STM32CubeIDE.app/Contents/Eclipse/plugins/com.st.stm32cube.ide.mcu.externaltools.gnu-tools-for-stm32.13.3.rel1.macos64_1.0.100.202509120712/tools/bin/../lib/gcc/arm-none-eabi/13.3.1/../../../../arm-none-eabi/lib/thumb/v7e-m+fp/hard/libc_nano.a(libc_a-memset.o)
 .ARM.attributes
                0x00000113       0x34 /Applications/STM32CubeIDE.app/Contents/Eclipse/plugins/com.st.stm32cube.ide.mcu.externaltools.gnu-tools-for-stm32.13.3.rel1.macos64_1.0.100.202509120712/tools/bin/../lib/gcc/arm-none-eabi/13.3.1/../../../../arm-none-eabi/lib/thumb/v7e-m+fp/hard/libc_nano.a(libc_a-init.o)
 .ARM.attributes
                0x00000147       0x22 /Applications/STM32CubeIDE.app/Contents/Eclipse/plugins/com.st.stm32cube.ide.mcu.externaltools.gnu-tools-for-stm32.13.3.rel1.macos64_1.0.100.202509120712/tools/bin/../lib/gcc/arm-none-eabi/13.3.1/thumb/v7e-m+fp/hard/crtn.o
OUTPUT(Gpiodrivercode.elf elf32-littlearm)
LOAD linker stubs
LOAD /Applications/STM32CubeIDE.app/Contents/Eclipse/plugins/com.st.stm32cube.ide.mcu.externaltools.gnu-tools-for-stm32.13.3.rel1.macos64_1.0.100.202509120712/tools/bin/../lib/gcc/arm-none-eabi/13.3.1/../../../../arm-none-eabi/lib/thumb/v7e-m+fp/hard/libc.a
LOAD /Applications/STM32CubeIDE.app/Contents/Eclipse/plugins/com.st.stm32cube.ide.mcu.externaltools.gnu-tools-for-stm32.13.3.rel1.macos64_1.0.100.202509120712/tools/bin/../lib/gcc/arm-none-eabi/13.3.1/../../../../arm-none-eabi/lib/thumb/v7e-m+fp/hard/libm.a
LOAD /Applications/STM32CubeIDE.app/Contents/Eclipse/plugins/com.st.stm32cube.ide.mcu.externaltools.gnu-tools-for-stm32.13.3.rel1.macos64_1.0.100.202509120712/tools/bin/../lib/gcc/arm-none-eabi/13.3.1/thumb/v7e-m+fp/hard/libgcc.a

.debug_info     0x00000000      0x948
 .debug_info    0x00000000      0x2d9 ./Src/005button_interrupt.o
 .debug_info    0x000002d9       0x30 ./Startup/startup_stm32f334r8tx.o
 .debug_info    0x00000309      0x63f ./drivers/Src/stm32f334xx_gpio_driver.o

.debug_abbrev   0x00000000      0x298
 .debug_abbrev  0x00000000      0x115 ./Src/005button_interrupt.o
 .debug_abbrev  0x00000115       0x24 ./Startup/startup_stm32f334r8tx.o
 .debug_abbrev  0x00000139      0x15f ./drivers/Src/stm32f334xx_gpio_driver.o

.debug_aranges  0x00000000       0xc0
 .debug_aranges
                0x00000000       0x28 ./Src/005button_interrupt.o
 .debug_aranges
                0x00000028       0x28 ./Startup/startup_stm32f334r8tx.o
 .debug_aranges
                0x00000050       0x70 ./drivers/Src/stm32f334xx_gpio_driver.o

.debug_rnglists
                0x00000000       0x85
 .debug_rnglists
                0x00000000       0x19 ./Src/005button_interrupt.o
 .debug_rnglists
                0x00000019       0x19 ./Startup/startup_stm32f334r8tx.o
 .debug_rnglists
                0x00000032       0x53 ./drivers/Src/stm32f334xx_gpio_driver.o

.debug_macro    0x00000000     0x1f29
 .debug_macro   0x00000000      0x14e ./Src/005button_interrupt.o
 .debug_macro   0x0000014e      0xae4 ./Src/005button_interrupt.o
 .debug_macro   0x00000c32       0x22 ./Src/005button_interrupt.o
 .debug_macro   0x00000c54       0x8e ./Src/005button_interrupt.o
 .debug_macro   0x00000ce2       0x51 ./Src/005button_interrupt.o
 .debug_macro   0x00000d33      0x103 ./Src/005button_interrupt.o
 .debug_macro   0x00000e36       0x6a ./Src/005button_interrupt.o
 .debug_macro   0x00000ea0      0x1df ./Src/005button_interrupt.o
 .debug_macro   0x0000107f      0x302 ./Src/005button_interrupt.o
 .debug_macro   0x00001381       0xca ./Src/005button_interrupt.o
 .debug_macro   0x0000144b       0x61 ./Src/005button_interrupt.o
 .debug_macro   0x000014ac       0x2a ./Src/005button_interrupt.o
 .debug_macro   0x000014d6       0x43 ./Src/005button_interrupt.o
 .debug_macro   0x00001519       0x34 ./Src/005button_interrupt.o
 .debug_macro   0x0000154d      0x190 ./Src/005button_interrupt.o
 .debug_macro   0x000016dd      0x370 ./Src/005button_interrupt.o
 .debug_macro   0x00001a4d       0x16 ./Src/005button_interrupt.o
 .debug_macro   0x00001a63       0x4a ./Src/005button_interrupt.o
 .debug_macro   0x00001aad       0x34 ./Src/005button_interrupt.o
 .debug_macro   0x00001ae1       0x10 ./Src/005button_interrupt.o
 .debug_macro   0x00001af1       0x58 ./Src/005button_interrupt.o
 .debug_macro   0x00001b49       0x8e ./Src/005button_interrupt.o
 .debug_macro   0x00001bd7       0x1c ./Src/005button_interrupt.o
 .debug_macro   0x00001bf3      0x185 ./Src/005button_interrupt.o
 .debug_macro   0x00001d78       0x10 ./Src/005button_interrupt.o
 .debug_macro   0x00001d88       0x3c ./Src/005button_interrupt.o
 .debug_macro   0x00001dc4       0x20 ./Src/005button_interrupt.o
 .debug_macro   0x00001de4       0x81 ./drivers/Src/stm32f334xx_gpio_driver.o
 .debug_macro   0x00001e65       0xc4 ./drivers/Src/stm32f334xx_gpio_driver.o

.debug_line     0x00000000      0xf3e
 .debug_line    0x00000000      0x5df ./Src/005button_interrupt.o
 .debug_line    0x000005df       0x7b ./Startup/startup_stm32f334r8tx.o
 .debug_line    0x0000065a      0x8e4 ./drivers/Src/stm32f334xx_gpio_driver.o

.debug_str      0x00000000     0x8736
 .debug_str     0x00000000     0x8736 ./Src/005button_interrupt.o
                               0x8756 (size before relaxing)
 .debug_str     0x00008736        0x0 ./Startup/startup_stm32f334r8tx.o
                                 0x8f (size before relaxing)
 .debug_str     0x00008736        0x0 ./drivers/Src/stm32f334xx_gpio_driver.o
                               0x533a (size before relaxing)

.comment        0x00000000       0x43
 .comment       0x00000000       0x43 ./Src/005button_interrupt.o
                                 0x44 (size before relaxing)
 .comment       0x00000043        0x0 ./drivers/Src/stm32f334xx_gpio_driver.o
                                 0x44 (size before relaxing)

.debug_frame    0x00000000      0x260
 .debug_frame   0x00000000       0x4c ./Src/005button_interrupt.o
 .debug_frame   0x0000004c      0x1c8 ./drivers/Src/stm32f334xx_gpio_driver.o
 .debug_frame   0x00000214       0x20 /Applications/STM32CubeIDE.app/Contents/Eclipse/plugins/com.st.stm32cube.ide.mcu.externaltools.gnu-tools-for-stm32.13.3.rel1.macos64_1.0.100.202509120712/tools/bin/../lib/gcc/arm-none-eabi/13.3.1/../../../../arm-none-eabi/lib/thumb/v7e-m+fp/hard/libc_nano.a(libc_a-memset.o)
 .debug_frame   0x00000234       0x2c /Applications/STM32CubeIDE.app/Contents/Eclipse/plugins/com.st.stm32cube.ide.mcu.externaltools.gnu-tools-for-stm32.13.3.rel1.macos64_1.0.100.202509120712/tools/bin/../lib/gcc/arm-none-eabi/13.3.1/../../../../arm-none-eabi/lib/thumb/v7e-m+fp/hard/libc_nano.a(libc_a-init.o)

.debug_line_str
                0x00000000       0x73
 .debug_line_str
                0x00000000       0x73 ./Startup/startup_stm32f334r8tx.o
